Status code: 404 NOT_FOUND
Reason: 
Response headers: []
