{
  "id" : 0,
  "category" : {
    "id" : 0,
    "name" : ""
  },
  "name" : "addPetThatReturnsStatus200",
  "photoUrls" : [ ],
  "tags" : null,
  "status" : "available"
}
