Status code: 500 INTERNAL_SERVER_ERROR
Reason: Unknown exception occured
Response headers: [Connection:"close"]
