Status code: 500 INTERNAL_SERVER_ERROR
Reason: std::logic_error raised
Response headers: [Content-Type:"text/plain", content-length:"23"]
