Status code: 500 INTERNAL_SERVER_ERROR
Reason: PetWithPetApiException raised
Response headers: [Connection:"close"]