{
  "id" : 123,
  "petId" : 4444,
  "quantity" : 3,
  "shipDate" : {
    "dayOfMonth" : 21,
    "dayOfWeek" : "WEDNESDAY",
    "dayOfYear" : 264,
    "hour" : 17,
    "minute" : 32,
    "month" : "SEPTEMBER",
    "monthValue" : 9,
    "nano" : 0,
    "offset" : {
      "id" : "Z",
      "rules" : {
        "fixedOffset" : true,
        "transitionRules" : [ ],
        "transitions" : [ ]
      },
      "totalSeconds" : 0
    },
    "second" : 28,
    "year" : 2011
  },
  "status" : "placed",
  "complete" : false
}