{
  "id" : 9876,
  "petId" : 0,
  "quantity" : 0,
  "shipDate" : {
    "dayOfMonth" : 12,
    "dayOfWeek" : "WEDNESDAY",
    "dayOfYear" : 12,
    "hour" : 23,
    "minute" : 24,
    "month" : "JANUARY",
    "monthValue" : 1,
    "nano" : 0,
    "offset" : {
      "id" : "Z",
      "rules" : {
        "fixedOffset" : true,
        "transitionRules" : [ ],
        "transitions" : [ ]
      },
      "totalSeconds" : 0
    },
    "second" : 2,
    "year" : 2011
  },
  "status" : "placed",
  "complete" : false
}